app/product/[id]/page.tsx(2,25): error TS2307: Cannot find module '../../services/firebaseAdmin' or its corresponding type declarations.
app/product/[id]/page.tsx(3,25): error TS2307: Cannot find module '../../types' or its corresponding type declarations.
app/product/[id]/page.tsx(4,33): error TS2307: Cannot find module '../../components/SketchfabViewer' or its corresponding type declarations.
app/product/[id]/page.tsx(5,32): error TS2307: Cannot find module '../../components/ProductDetails' or its corresponding type declarations.
